// Jest Snapshot v1, https://goo.gl/fbAQLP

exports[`Login snapshot 1`] = `
<div
  class="sc-bdVaJa buonmG"
>
  <div
    class="StyledBox-sc-13pk1d4-0 cxDOqF"
  >
    <span
      class="StyledText-sc-1sadyjn-0 fWSbXS"
    >
      Login
    </span>
    <form>
      <div
        class="StyledTextInput__StyledTextInputContainer-sc-1x30a0s-1 yIdXy"
      >
        <input
          autocomplete="off"
          class="StyledTextInput-sc-1x30a0s-0 iQGivQ"
          name="username"
          placeholder="username"
          value=""
        />
      </div>
      <br />
      <div
        class="StyledTextInput__StyledTextInputContainer-sc-1x30a0s-1 yIdXy"
      >
        <input
          autocomplete="off"
          class="StyledTextInput-sc-1x30a0s-0 iQGivQ"
          name="password"
          placeholder="password"
          value=""
        />
      </div>
      <br />
      <button
        class="StyledButton-sc-323bzc-0 jcunWI"
        type="submit"
      >
        Log In!
      </button>
    </form>
    <pre>
      {"username":"","password":""}
    </pre>
  </div>
</div>
`;
